node.exe : FAIL __tests__/CollectionContext.test.tsx
At line:1 char:1
+ & "C:\Program Files\nodejs/node.exe" "C:\Program Files\nodejs/node_mo ...
+ ~~~~~~~~~~~~~~~~~~~~~~~~~~~~~~~~~~~~~~~~~~~~~~~~~~~~~~~~~~~~~~~~~~~~~
    + CategoryInfo          : NotSpecified: (FAIL __tests__/...ontext.test.tsx:String) [], RemoteException
    + FullyQualifiedErrorId : NativeCommandError
 
  ΓùÅ Test suite failed to run

    Cannot find module 'react-native/Libraries/Animated/NativeAnimatedHelper' from 'jest.setup.js'

    [0m[31m[1m>[22m[39m[90m 1 |[39m
     [90m   |[39m [31m[1m^[22m[39m
     [90m 2 |[39m [36mimport[39m [32m'react-native-gesture-handler/jestSetup'[39m[33m;[39m
     [90m 3 |[39m
     [90m 4 |[39m[0m

      at Resolver._throwModNotFoundError (node_modules/jest-resolve/build/resolver.js:427:11)
      at Object.<anonymous> (jest.setup.js:1:179)

Test Suites: 1 failed, 1 total
Tests:       0 total
Snapshots:   0 total
Time:        0.577 s
Ran all test suites matching /__tests__\\CollectionContext.test.tsx/i.
